// Jest Snapshot v1, https://goo.gl/fbAQLP

exports[`class SearchBar extends _react2.default.Component {
  constructor(props) {
    super(props);

    this.state = { searchField: '' };

    this.isInvalidForm = this.isInvalidForm.bind(this);
    this.updateSearchField = this.updateSearchField.bind(this);
    this.navigateToSearch = this.navigateToSearch.bind(this);
  }

  isInvalidForm() {
    return !this.state.searchField.length > 0;
  }

  updateSearchField(e) {
    this.setState({ searchField: e.target.value });
  }

  navigateToSearch() {
    this.props.redirectToSearch(this.state.searchField);
    this.setState({ searchField: '' });
  }

  render() {
    return (
      _react2.default.createElement('div', { id: 'search_bar', __source: { fileName: _jsxFileName, lineNumber: 30 }, __self: this },
        _react2.default.createElement(_reactBootstrap.FormGroup, { __source: { fileName: _jsxFileName, lineNumber: 31 }, __self: this },
          _react2.default.createElement(_reactBootstrap.FormControl, { id: 'search_field_input', type: 'text', onChange: this.updateSearchField, value: this.state.searchField, placeholder: 'Find by hashtag...', __source: { fileName: _jsxFileName, lineNumber: 32 }, __self: this }),
          _react2.default.createElement(_reactBootstrap.Button, { onClick: this.navigateToSearch, disabled: this.isInvalidForm(), __source: { fileName: _jsxFileName, lineNumber: 33 }, __self: this }, 'Search'))));



  }} renders properly 1`] = `
ShallowWrapper {
  "length": 1,
  Symbol(enzyme.__root__): [Circular],
  Symbol(enzyme.__unrendered__): <SearchBar />,
  Symbol(enzyme.__renderer__): Object {
    "batchedUpdates": [Function],
    "getNode": [Function],
    "render": [Function],
    "simulateEvent": [Function],
    "unmount": [Function],
  },
  Symbol(enzyme.__node__): Object {
    "instance": null,
    "key": undefined,
    "nodeType": "host",
    "props": Object {
      "children": <FormGroup
        bsClass="form-group"
>
        <FormControl
                bsClass="form-control"
                componentClass="input"
                id="search_field_input"
                onChange={[Function]}
                placeholder="Find by hashtag..."
                type="text"
                value=""
        />
        <Button
                active={false}
                block={false}
                bsClass="btn"
                bsStyle="default"
                disabled={true}
                onClick={[Function]}
        >
                Search
        </Button>
</FormGroup>,
      "id": "search_bar",
    },
    "ref": null,
    "rendered": Object {
      "instance": null,
      "key": undefined,
      "nodeType": "class",
      "props": Object {
        "bsClass": "form-group",
        "children": Array [
          <FormControl
            bsClass="form-control"
            componentClass="input"
            id="search_field_input"
            onChange={[Function]}
            placeholder="Find by hashtag..."
            type="text"
            value=""
/>,
          <Button
            active={false}
            block={false}
            bsClass="btn"
            bsStyle="default"
            disabled={true}
            onClick={[Function]}
>
            Search
</Button>,
        ],
      },
      "ref": null,
      "rendered": Array [
        Object {
          "instance": null,
          "key": undefined,
          "nodeType": "class",
          "props": Object {
            "bsClass": "form-control",
            "componentClass": "input",
            "id": "search_field_input",
            "onChange": [Function],
            "placeholder": "Find by hashtag...",
            "type": "text",
            "value": "",
          },
          "ref": null,
          "rendered": null,
          "type": [Function],
        },
        Object {
          "instance": null,
          "key": undefined,
          "nodeType": "class",
          "props": Object {
            "active": false,
            "block": false,
            "bsClass": "btn",
            "bsStyle": "default",
            "children": "Search",
            "disabled": true,
            "onClick": [Function],
          },
          "ref": null,
          "rendered": "Search",
          "type": [Function],
        },
      ],
      "type": [Function],
    },
    "type": "div",
  },
  Symbol(enzyme.__nodes__): Array [
    Object {
      "instance": null,
      "key": undefined,
      "nodeType": "host",
      "props": Object {
        "children": <FormGroup
          bsClass="form-group"
>
          <FormControl
                    bsClass="form-control"
                    componentClass="input"
                    id="search_field_input"
                    onChange={[Function]}
                    placeholder="Find by hashtag..."
                    type="text"
                    value=""
          />
          <Button
                    active={false}
                    block={false}
                    bsClass="btn"
                    bsStyle="default"
                    disabled={true}
                    onClick={[Function]}
          >
                    Search
          </Button>
</FormGroup>,
        "id": "search_bar",
      },
      "ref": null,
      "rendered": Object {
        "instance": null,
        "key": undefined,
        "nodeType": "class",
        "props": Object {
          "bsClass": "form-group",
          "children": Array [
            <FormControl
              bsClass="form-control"
              componentClass="input"
              id="search_field_input"
              onChange={[Function]}
              placeholder="Find by hashtag..."
              type="text"
              value=""
/>,
            <Button
              active={false}
              block={false}
              bsClass="btn"
              bsStyle="default"
              disabled={true}
              onClick={[Function]}
>
              Search
</Button>,
          ],
        },
        "ref": null,
        "rendered": Array [
          Object {
            "instance": null,
            "key": undefined,
            "nodeType": "class",
            "props": Object {
              "bsClass": "form-control",
              "componentClass": "input",
              "id": "search_field_input",
              "onChange": [Function],
              "placeholder": "Find by hashtag...",
              "type": "text",
              "value": "",
            },
            "ref": null,
            "rendered": null,
            "type": [Function],
          },
          Object {
            "instance": null,
            "key": undefined,
            "nodeType": "class",
            "props": Object {
              "active": false,
              "block": false,
              "bsClass": "btn",
              "bsStyle": "default",
              "children": "Search",
              "disabled": true,
              "onClick": [Function],
            },
            "ref": null,
            "rendered": "Search",
            "type": [Function],
          },
        ],
        "type": [Function],
      },
      "type": "div",
    },
  ],
  Symbol(enzyme.__options__): Object {
    "adapter": ReactSixteenAdapter {
      "options": Object {
        "enableComponentDidUpdateOnSetState": true,
      },
    },
  },
}
`;
