// Jest Snapshot v1, https://goo.gl/fbAQLP

exports[`class LogoutForm extends _react2.default.Component {
  constructor(props) {
    super(props);
    this.logout = this.logout.bind(this);
  }

  logout() {
    return (0, _sessions.logoutAPI)().
    then(() => {
      this.props.appLogout();
    }).catch(() => {
      this.props.appLogout();
    });
  }

  render() {
    return (
      _react2.default.createElement(_reactBootstrap.Navbar.Form, { id: 'logout_form', __source: { fileName: _jsxFileName, lineNumber: 22 }, __self: this },
        _react2.default.createElement(_reactBootstrap.Button, { id: 'submit_logout_form', onClick: this.logout, __source: { fileName: _jsxFileName, lineNumber: 23 }, __self: this }, 'Logout')));


  }} renders properly 1`] = `
ShallowWrapper {
  "length": 1,
  Symbol(enzyme.__root__): [Circular],
  Symbol(enzyme.__unrendered__): <LogoutForm
    appLogout={[Function]}
/>,
  Symbol(enzyme.__renderer__): Object {
    "batchedUpdates": [Function],
    "getNode": [Function],
    "render": [Function],
    "simulateEvent": [Function],
    "unmount": [Function],
  },
  Symbol(enzyme.__node__): Object {
    "instance": null,
    "key": undefined,
    "nodeType": "function",
    "props": Object {
      "children": <Button
        active={false}
        block={false}
        bsClass="btn"
        bsStyle="default"
        disabled={false}
        id="submit_logout_form"
        onClick={[Function]}
>
        Logout
</Button>,
      "componentClass": "div",
      "id": "logout_form",
      "pullLeft": false,
      "pullRight": false,
    },
    "ref": null,
    "rendered": Object {
      "instance": null,
      "key": undefined,
      "nodeType": "class",
      "props": Object {
        "active": false,
        "block": false,
        "bsClass": "btn",
        "bsStyle": "default",
        "children": "Logout",
        "disabled": false,
        "id": "submit_logout_form",
        "onClick": [Function],
      },
      "ref": null,
      "rendered": "Logout",
      "type": [Function],
    },
    "type": [Function],
  },
  Symbol(enzyme.__nodes__): Array [
    Object {
      "instance": null,
      "key": undefined,
      "nodeType": "function",
      "props": Object {
        "children": <Button
          active={false}
          block={false}
          bsClass="btn"
          bsStyle="default"
          disabled={false}
          id="submit_logout_form"
          onClick={[Function]}
>
          Logout
</Button>,
        "componentClass": "div",
        "id": "logout_form",
        "pullLeft": false,
        "pullRight": false,
      },
      "ref": null,
      "rendered": Object {
        "instance": null,
        "key": undefined,
        "nodeType": "class",
        "props": Object {
          "active": false,
          "block": false,
          "bsClass": "btn",
          "bsStyle": "default",
          "children": "Logout",
          "disabled": false,
          "id": "submit_logout_form",
          "onClick": [Function],
        },
        "ref": null,
        "rendered": "Logout",
        "type": [Function],
      },
      "type": [Function],
    },
  ],
  Symbol(enzyme.__options__): Object {
    "adapter": ReactSixteenAdapter {
      "options": Object {
        "enableComponentDidUpdateOnSetState": true,
      },
    },
  },
}
`;
